
 RUN  v3.2.4 /Users/dennis/Documents/Projects/2025/MasteryMap/MasteryMap

stdout | tests/reproduce_issue.test.ts
9:42:32 PM [express] Testing database connection...


⎯⎯⎯⎯⎯⎯ Failed Suites 1 ⎯⎯⎯⎯⎯⎯⎯

 FAIL  tests/reproduce_issue.test.ts [ tests/reproduce_issue.test.ts ]
Error: Cannot find module '../server/storage' imported from '/Users/dennis/Documents/Projects/2025/MasteryMap/MasteryMap/tests/reproduce_issue.test.ts'
 ❯ tests/reproduce_issue.test.ts:6:31
      4| import { testUsers, testSchool } from './fixtures/users';
      5| import { testAssessment } from './fixtures/projects';
      6| import { storage } from '../server/storage';
       |                               ^
      7| 
      8| describe('Assessment Update Reproduction', () => {

Caused by: Error: Failed to load url ../server/storage (resolved id: ../server/storage) in /Users/dennis/Documents/Projects/2025/MasteryMap/MasteryMap/tests/reproduce_issue.test.ts. Does the file exist?
 ❯ loadAndTransform node_modules/vite/dist/node/chunks/dep-C6uTJdX2.js:51968:17

⎯⎯⎯⎯⎯⎯⎯⎯⎯⎯⎯⎯⎯⎯⎯⎯⎯⎯⎯⎯⎯⎯⎯⎯[1/1]⎯


 Test Files  1 failed (1)
      Tests  no tests
   Start at  21:42:31
   Duration  769ms (transform 233ms, setup 10ms, collect 0ms, tests 0ms, environment 0ms, prepare 32ms)

